// Jest Snapshot v1, https://goo.gl/fbAQLP

exports[`<BarchartGraph /> should render 1`] = `ShallowWrapper {}`;
