// Jest Snapshot v1, https://goo.gl/fbAQLP

exports[`<Dashboard /> should render 1`] = `ShallowWrapper {}`;
