// Jest Snapshot v1, https://goo.gl/fbAQLP

exports[`<DateSpanViewer /> renders without error 1`] = `
<div
  className="card-body"
>
  <div
    className="row justify-content-center"
  >
    <div
      className="col-sm-2 date-container__item"
    >
      12-08-2019
      <span>
        13:30
      </span>
    </div>
    <div
      className="col-sm-2 date-container__item"
    >
      12-08-2019
      <span>
        14:00
      </span>
    </div>
  </div>
</div>
`;
