// Jest Snapshot v1, https://goo.gl/fbAQLP

exports[`<GenerationMixItem /> renders without error 1`] = `
<div
  className="chart-item row"
>
  <div
    className="col-sm-2 chart-item__label"
  >
    gas
  </div>
  <div
    className="col-sm-1 chart-item__perc"
  >
    <span>
      (
      46.5
      %)
    </span>
  </div>
  <div
    className="col-sm-9"
  >
    <div
      className="progress"
    >
      <div
        aria-valuemax={100}
        aria-valuemin={0}
        aria-valuenow={46.5}
        className="progress-bar"
        role="progressbar"
        style={
          Object {
            "backgroundColor": "tomato",
            "width": "46.5%",
          }
        }
      />
    </div>
  </div>
</div>
`;
