// Jest Snapshot v1, https://goo.gl/fbAQLP

exports[`<GenerationPercentageChart /> renders without error 1`] = `
<div>
  <div
    className="row my-4 justify-content-center"
  >
    <a
      className="btn btn-outline-primary false"
      href=""
      id="refresh-data-button"
      onClick={[Function]}
    >
      Refresh Data
    </a>
  </div>
</div>
`;
